LARM LINKER/LOCATER V2.41                                                               04/19/2020  17:26:19  PAGE 1


LARM LINKER/LOCATER V2.41, INVOKED BY:
C:\KEIL_V5\ARM\BIN\LA.EXE Startup.obj, main.obj TO LEdBlink CASE CLASSES (DATA (0X40000000-0X40007FFF), CODE (0X0-0X7FFF
>> F), CONST (0X0-0X7FFFF))


CPU MODE: LITTLE ENDIAN


INPUT MODULES INCLUDED:
  Startup.obj (STARTUP)
         COMMENT TYPE 0: AA V2.41
  main.obj (main)
         COMMENT TYPE 0: CARM V2.41
  C:\KEIL_V5\ARM\LIB\CAL.LIB (FIQ)
         COMMENT TYPE 0: AA V2.40b
  C:\KEIL_V5\ARM\LIB\CAL.LIB (IRQ)
         COMMENT TYPE 0: AA V2.40b
  C:\KEIL_V5\ARM\LIB\CAL.LIB (DABT)
         COMMENT TYPE 0: AA V2.40b
  C:\KEIL_V5\ARM\LIB\CAL.LIB (PABT)
         COMMENT TYPE 0: AA V2.40b
  C:\KEIL_V5\ARM\LIB\CAL.LIB (SWI)
         COMMENT TYPE 0: AA V2.40b
  C:\KEIL_V5\ARM\LIB\CAL.LIB (UNDEF)
         COMMENT TYPE 0: AA V2.40b


ACTIVE MEMORY CLASSES OF MODULE:  LEdBlink (STARTUP)

BASE       START      END        USED       MEMORY CLASS
========================================================
00000000H  40000000H  40007FFFH  00000490H  DATA
00000000H  00000000H  0007FFFFH  000001C4H  CODE
00000000H  00000000H  0007FFFFH  00000010H  CONST



MEMORY MAP OF MODULE:  LEdBlink (STARTUP)

START      STOP       LENGTH    ALIGN  RELOC  MEMORY CLASS   SEGMENT NAME
=========================================================================
00000000H  0000010FH  00000110H     4  AT..   CODE           STARTUPCODE
00000110H  00000117H  00000008H     4  UNIT   CONST          ?C_CLRSEG
00000118H  0000011FH  00000008H     4  UNIT   CONST          ?C_INITSEG
00000120H  00000143H  00000024H     4  UNIT   CODE           ?PR?delay?T?main
00000144H  000001BBH  00000078H     4  UNIT   CODE           ?PR?main?main
000001BCH  000001BFH  00000004H     4  UNIT   CODE           ?C?FIQ
000001C0H  000001C3H  00000004H     4  UNIT   CODE           ?C?IRQ
000001C4H  000001C7H  00000004H     4  UNIT   CODE           ?C?DABT
000001C8H  000001CBH  00000004H     4  UNIT   CODE           ?C?PABT
000001CCH  000001D3H  00000008H     4  UNIT   CODE           ?C?UNDEF
000001D4H  3FFFFFFFH  3FFFFE2CH   ---  ---    **GAP**
40000000H  4000048FH  00000490H     4  UNIT   DATA           STACK



PUBLIC SYMBOLS OF MODULE:  LEdBlink (STARTUP)

      VALUE      CLASS    TYPE      PUBLIC SYMBOL NAME
      ================================================
      00000110H  ---      ---       ?C?CLRTAB
      00000144H  ---      ---       ?C?INIT
      00000118H  ---      ---       ?C?INITTAB
      000001C4H  CODE     ---       DAbt_Handler?A
      000001BCH  CODE     ---       FIQ_Handler?A
      000001C0H  CODE     ---       IRQ_Handler?A
LARM LINKER/LOCATER V2.41                                                             04/19/2020  17:26:19  PAGE 2


      000001C8H  CODE     ---       PAbt_Handler?A
      000001CCH  CODE     ---       SWI_Handler?A
      000001D0H  CODE     ---       Undef_Handler?A
      00000000H  CODE     ---       __startup
      00000120H  CODE     ---       delay?T
      000000F0H  CODE     ---       exit?A
      000000F4H  CODE     ---       exit?T
      00000178H  CODE     ---       main

Program Size: data=1168 const=16 code=452
LARM RUN COMPLETE.  0 WARNING(S),  0 ERROR(S)
