AA MACRO ASSEMBLER RSTARTUP                                                                 19/04/20 17:26:18 PAGE     1


MACRO ASSEMBLER AA V2.41
OBJECT MODULE PLACED IN Startup.OBJ
ASSEMBLER INVOKED BY: C:\Keil_v5\ARM\BIN\AA.exe Startup.s BROWSE DEBUG EP

LOC      OBJ             LINE     SOURCE

                          1     
                          2     
                          3     
                          4     
                          5     
                          6     
                          7     
                          8     
                          9     
                         10     
                         11     
                         12     
                         13     
                         14     
                         15     
                         16     
                         17     
                         18     
                         19     
                         20     
                         21     
                         22     
                         23     
                         24     
                         25     
                         26     
                         27     
                         28     
                         29     
                         30     
                         31     
                         32     
                         33     
                         34     
                         35     
                         36     
                         37     
                         38     
                         39     
 0010                    40             Mode_USR  EQU      0x10
 0011                    41             Mode_FIQ  EQU      0x11
 0012                    42             Mode_IRQ  EQU      0x12
 0013                    43             Mode_SVC  EQU      0x13
 0017                    44             Mode_ABT  EQU      0x17
 001B                    45             Mode_UND  EQU      0x1B
 001F                    46             Mode_SYS  EQU      0x1F
                         47     
 0080                    48             I_Bit     EQU      0x80     
 0040                    49             F_Bit     EQU      0x40     
                         50     
                         51     
                         52     
                         53     
                         54     
                         55     
                         56     
                         57     
                         58     
AA MACRO ASSEMBLER RSTARTUP                                                                 19/04/20 17:26:18 PAGE     2

                         59     
                         60     
                         61     
 0004                    62             UND_Stack_Size  EQU     0x00000004
 0004                    63             SVC_Stack_Size  EQU     0x00000004
 0004                    64             ABT_Stack_Size  EQU     0x00000004
 0004                    65             FIQ_Stack_Size  EQU     0x00000004
 0080                    66             IRQ_Stack_Size  EQU     0x00000080
 0400                    67             USR_Stack_Size  EQU     0x00000400
                         68     
00000000                 69     AREA   STACK, DATA, READWRITE, ALIGN=2
00000000                 70             DS   (USR_Stack_Size+3)&~3  ; Stack for User/System Mode 
00000400                 71             DS   (SVC_Stack_Size+3)&~3  ; Stack for Supervisor Mode
00000404                 72             DS   (IRQ_Stack_Size+3)&~3  ; Stack for Interrupt Mode
00000484                 73             DS   (FIQ_Stack_Size+3)&~3  ; Stack for Fast Interrupt Mode 
00000488                 74             DS   (ABT_Stack_Size+3)&~3  ; Stack for Abort Mode
0000048C                 75             DS   (UND_Stack_Size+3)&~3  ; Stack for Undefined Mode
00000490                 76     Top_Stack:
                         77     
                         78     
                         79     
 E01FC100                80             VPBDIV          EQU     0xE01FC100   
                         81     
                         82     
                         83     
                         84     
                         85     
                         86     
                         87     
                         88     
                         89     
                         90     
                         91     
                         92     
                         93     
                         94     
 0000                    95             VPBDIV_SETUP    EQU     0
 0000                    96             VPBDIV_Val      EQU     0x00000000
                         97     
                         98     
                         99     
 E01FC080               100             PLL_BASE        EQU     0xE01FC080   
 0000                   101             PLLCON_OFS      EQU     0x00         
 0004                   102             PLLCFG_OFS      EQU     0x04         
 0008                   103             PLLSTAT_OFS     EQU     0x08         
 000C                   104             PLLFEED_OFS     EQU     0x0C         
 0001                   105             PLLCON_PLLE     EQU     (1<<0)       
 0002                   106             PLLCON_PLLC     EQU     (1<<1)       
 001F                   107             PLLCFG_MSEL     EQU     (0x1F<<0)    
 0060                   108             PLLCFG_PSEL     EQU     (0x03<<5)    
 0400                   109             PLLSTAT_PLOCK   EQU     (1<<10)      
                        110     
                        111     
                        112     
                        113     
                        114     
                        115     
                        116     
                        117     
                        118     
                        119     
                        120     
                        121     
                        122     
                        123     
                        124     
AA MACRO ASSEMBLER RSTARTUP                                                                 19/04/20 17:26:18 PAGE     3

                        125     
                        126     
 0001                   127             PLL_SETUP       EQU     1
 0024                   128             PLLCFG_Val      EQU     0x00000024
                        129     
                        130     
                        131     
 E01FC000               132             MAM_BASE        EQU     0xE01FC000   
 0000                   133             MAMCR_OFS       EQU     0x00         
 0004                   134             MAMTIM_OFS      EQU     0x04         
                        135     
                        136     
                        137     
                        138     
                        139     
                        140     
                        141     
                        142     
                        143     
                        144     
                        145     
                        146     
                        147     
                        148     
                        149     
 0001                   150             MAM_SETUP       EQU     1
 0002                   151             MAMCR_Val       EQU     0x00000002
 0004                   152             MAMTIM_Val      EQU     0x00000004
                        153     
                        154     
                        155     
 FFE00000               156             EMC_BASE        EQU     0xFFE00000   
 0000                   157             BCFG0_OFS       EQU     0x00         
 0004                   158             BCFG1_OFS       EQU     0x04         
 0008                   159             BCFG2_OFS       EQU     0x08         
 000C                   160             BCFG3_OFS       EQU     0x0C         
                        161     
                        162     
                        163     
                        164     
 0000                   165             EMC_SETUP       EQU     0
                        166     
                        167     
                        168     
                        169     
                        170     
                        171     
                        172     
                        173     
                        174     
                        175     
                        176     
                        177     
                        178     
 0000                   179             BCFG0_SETUP EQU         0
 FBEF                   180             BCFG0_Val   EQU         0x0000FBEF
                        181     
                        182     
                        183     
                        184     
                        185     
                        186     
                        187     
                        188     
                        189     
                        190     
AA MACRO ASSEMBLER RSTARTUP                                                                 19/04/20 17:26:18 PAGE     4

                        191     
                        192     
                        193     
 0000                   194             BCFG1_SETUP EQU         0
 FBEF                   195             BCFG1_Val   EQU         0x0000FBEF
                        196     
                        197     
                        198     
                        199     
                        200     
                        201     
                        202     
                        203     
                        204     
                        205     
                        206     
                        207     
                        208     
 0000                   209             BCFG2_SETUP EQU         0
 FBEF                   210             BCFG2_Val   EQU         0x0000FBEF
                        211     
                        212     
                        213     
                        214     
                        215     
                        216     
                        217     
                        218     
                        219     
                        220     
                        221     
                        222     
                        223     
 0000                   224             BCFG3_SETUP EQU         0
 FBEF                   225             BCFG3_Val   EQU         0x0000FBEF
                        226     
                        227     
                        228     
                        229     
                        230     
                        231     
                        232     
 E002C014               233             PINSEL2         EQU     0xE002C014   
 0E6149E4               234             PINSEL2_Val     EQU     0x0E6149E4   
                        235     
                        236     
                        237     
                        238     
                        239     
                        240     $if      (EXTMEM_MODE)
                                        CODE_BASE       EQU     0x80000000
                                $elseif  (RAM_MODE)
                                        CODE_BASE       EQU     0x40000000
                                $else 
 0000                   245             CODE_BASE       EQU     0x00000000
                        246     $endif 
                        247     
00000000                248     AREA   STARTUPCODE, CODE, AT CODE_BASE    
                        249            PUBLIC  __startup
                        250     
                        251            EXTERN  CODE32 (?C?INIT)
                        252     
                        253     __startup       PROC    CODE32
                        254     
                        255     
                        256     
AA MACRO ASSEMBLER RSTARTUP                                                                 19/04/20 17:26:18 PAGE     5

                        257     EXTERN CODE32 (Undef_Handler?A)
                        258     EXTERN CODE32 (SWI_Handler?A)
                        259     EXTERN CODE32 (PAbt_Handler?A)
                        260     EXTERN CODE32 (DAbt_Handler?A)
                        261     EXTERN CODE32 (IRQ_Handler?A)
                        262     EXTERN CODE32 (FIQ_Handler?A)
                        263     
                        264     
                        265     
                        266     
                        267     
00000000 E59FF020       268     Vectors:        LDR     PC,Reset_Addr         
00000004 E59FF024       269                     LDR     PC,Undef_Addr
00000008 E59FF028       270                     LDR     PC,SWI_Addr
0000000C E59FF02C       271                     LDR     PC,PAbt_Addr
00000010 E59FF030       272                     LDR     PC,DAbt_Addr
00000014 E1A00000       273                     NOP                             
                        274     ;               LDR     PC,IRQ_Addr
00000018 E51FFFF0       275                     LDR     PC,[PC, #-0x0FF0]       
0000001C E59FF03C       276                     LDR     PC,FIQ_Addr
                        277     
00000020 00000040 R     278     Reset_Addr:     DD      Reset_Handler
00000024 00000000 E     279     Undef_Addr:     DD      Undef_Handler?A
00000028 00000000 E     280     SWI_Addr:       DD      SWI_Handler?A
0000002C 00000000 E     281     PAbt_Addr:      DD      PAbt_Handler?A
00000030 00000000 E     282     DAbt_Addr:      DD      DAbt_Handler?A
00000034 00000000       283                     DD      0                       
00000038 00000000 E     284     IRQ_Addr:       DD      IRQ_Handler?A
0000003C 00000000 E     285     FIQ_Addr:       DD      FIQ_Handler?A
                        286     
                        287     
                        288     
                        289     
00000040                290     Reset_Handler:  
                        291     
                        292     
                        293     $if  (EXTMEM_MODE)
                                                LDR     R0, =PINSEL2
                                                LDR     R1, =PINSEL2_Val
                                                STR     R1, [R0]
                                $endif 
                        298     
                        299     
                        300     IF (EMC_SETUP != 0)
                                                LDR     R0, =EMC_BASE
                                
                                IF (BCFG0_SETUP != 0)
                                                LDR     R1, =BCFG0_Val
                                                STR     R1, [R0, #BCFG0_OFS]
                                ENDIF
                                
                                IF (BCFG1_SETUP != 0)
                                                LDR     R1, =BCFG1_Val
                                                STR     R1, [R0, #BCFG1_OFS]
                                ENDIF
                                
                                IF (BCFG2_SETUP != 0)
                                                LDR     R1, =BCFG2_Val
                                                STR     R1, [R0, #BCFG2_OFS]
                                ENDIF
                                
                                IF (BCFG3_SETUP != 0)
                                                LDR     R1, =BCFG3_Val
                                                STR     R1, [R0, #BCFG3_OFS]
                                ENDIF
                                
AA MACRO ASSEMBLER RSTARTUP                                                                 19/04/20 17:26:18 PAGE     6

                                ENDIF
                        324     
                        325     
                        326     IF (VPBDIV_SETUP != 0)
                                                LDR     R0, =VPBDIV
                                                LDR     R1, =VPBDIV_Val
                                                STR     R1, [R0]
                                ENDIF
                        331     
                        332     
                        333     IF (PLL_SETUP != 0)
00000040 E59F0034       334                     LDR     R0, =PLL_BASE
00000044 E3A010AA       335                     MOV     R1, #0xAA
00000048 E3A02055       336                     MOV     R2, #0x55
                        337     
                        338     
0000004C E3A03024       339                     MOV     R3, #PLLCFG_Val
00000050 E5803004       340                     STR     R3, [R0, #PLLCFG_OFS] 
00000054 E3A03001       341                     MOV     R3, #PLLCON_PLLE
00000058 E5803000       342                     STR     R3, [R0, #PLLCON_OFS]
0000005C E580100C       343                     STR     R1, [R0, #PLLFEED_OFS]
00000060 E580200C       344                     STR     R2, [R0, #PLLFEED_OFS]
                        345     
                        346     
00000064 E5903008       347     PLL_Loop:       LDR     R3, [R0, #PLLSTAT_OFS]
00000068 E2133B01       348                     ANDS    R3, R3, #PLLSTAT_PLOCK
0000006C 0AFFFFFC       349                     BEQ     PLL_Loop
                        350     
                        351     
00000070 E3A03003       352                     MOV     R3, #(PLLCON_PLLE | PLLCON_PLLC)
00000074 E5803000       353                     STR     R3, [R0, #PLLCON_OFS]
00000078 E580100C       354                     STR     R1, [R0, #PLLFEED_OFS]
0000007C E580200C       355                     STR     R2, [R0, #PLLFEED_OFS]
                        356     ENDIF
                        357     
                        358     
                        359     IF (MAM_SETUP != 0)
00000080 E59F0034       360                     LDR     R0, =MAM_BASE
00000084 E3A01004       361                     MOV     R1, #MAMTIM_Val
00000088 E5801004       362                     STR     R1, [R0, #MAMTIM_OFS] 
0000008C E3A01002       363                     MOV     R1, #MAMCR_Val
00000090 E5801000       364                     STR     R1, [R0, #MAMCR_OFS] 
                        365     ENDIF
                        366     
                        367     
                        368     
 E01FC040               369                     MEMMAP  EQU  0xE01FC040   
                        370     
                        371     $if  (REMAP)
                                                LDR     R0, =MEMMAP
                                $if      (EXTMEM_MODE)                
                                                MOV     R1, #3
                                $elseif  (RAM_MODE)                
                                                MOV     R1, #2
                                $else 
                                                MOV     R1, #1
                                $endif                 
                                                STR     R1, [R0]
                                $endif 
                        382     
                        383     
                        384     
00000094 E59F0034       385                     LDR     R0, =Top_Stack
                        386     
                        387     
00000098 E321F0DB       388                     MSR     CPSR_c, #Mode_UND|I_Bit|F_Bit
AA MACRO ASSEMBLER RSTARTUP                                                                 19/04/20 17:26:18 PAGE     7

0000009C E1A0D000       389                     MOV     SP, R0
000000A0 E2400004       390                     SUB     R0, R0, #UND_Stack_Size
                        391     
                        392     
000000A4 E321F0D7       393                     MSR     CPSR_c, #Mode_ABT|I_Bit|F_Bit
000000A8 E1A0D000       394                     MOV     SP, R0
000000AC E2400004       395                     SUB     R0, R0, #ABT_Stack_Size
                        396     
                        397     
000000B0 E321F0D1       398                     MSR     CPSR_c, #Mode_FIQ|I_Bit|F_Bit
000000B4 E1A0D000       399                     MOV     SP, R0
000000B8 E2400004       400                     SUB     R0, R0, #FIQ_Stack_Size
                        401     
                        402     
000000BC E321F0D2       403                     MSR     CPSR_c, #Mode_IRQ|I_Bit|F_Bit
000000C0 E1A0D000       404                     MOV     SP, R0
000000C4 E2400080       405                     SUB     R0, R0, #IRQ_Stack_Size
                        406     
                        407     
000000C8 E321F0D3       408                     MSR     CPSR_c, #Mode_SVC|I_Bit|F_Bit
000000CC E1A0D000       409                     MOV     SP, R0
000000D0 E2400004       410                     SUB     R0, R0, #SVC_Stack_Size
                        411     
                        412     
000000D4 E321F010       413                     MSR     CPSR_c, #Mode_USR
000000D8 E1A0D000       414                     MOV     SP, R0
                        415     
                        416     
000000DC E59F0034       417                     LDR     R0,=?C?INIT
000000E0 E3100001       418                     TST     R0,#1       ; Bit-0 set: INIT is Thumb
000000E4 E3A0E0F0       419                     LDREQ   LR,=exit?A  ; ARM Mode
000000E8 E3A0E0F4       420                     LDRNE   LR,=exit?T  ; Thumb Mode
000000EC E12FFF10       421                     BX      R0
                        422                     ENDP
                        423     
                        424     PUBLIC exit?A
                        425     exit?A          PROC    CODE32
000000F0 EAFFFFFE       426                     B       exit?A
                        427                     ENDP
                        428     
                        429     PUBLIC exit?T
                        430     exit?T          PROC    CODE16
000000F4 E7FE           431     exit:           B       exit?T
                        432                     ENDP
                        433     
                        434     
                        435                     END
AA MACRO ASSEMBLER RSTARTUP                                                                 19/04/20 17:26:18 PAGE     8

SYMBOL TABLE LISTING
------ ----- -------


N A M E             T Y P E  V A L U E     ATTRIBUTES

?C?INIT. . . . . .  C  ADDR  -------       EXT
ABT_Stack_Size . .  -- ----  0004H     A   
BCFG0_OFS. . . . .  -- ----  0000H     A   
BCFG0_SETUP. . . .  -- ----  0000H     A   
BCFG0_Val. . . . .  -- ----  FBEFH     A   
BCFG1_OFS. . . . .  -- ----  0004H     A   
BCFG1_SETUP. . . .  -- ----  0000H     A   
BCFG1_Val. . . . .  -- ----  FBEFH     A   
BCFG2_OFS. . . . .  -- ----  0008H     A   
BCFG2_SETUP. . . .  -- ----  0000H     A   
BCFG2_Val. . . . .  -- ----  FBEFH     A   
BCFG3_OFS. . . . .  -- ----  000CH     A   
BCFG3_SETUP. . . .  -- ----  0000H     A   
BCFG3_Val. . . . .  -- ----  FBEFH     A   
CODE_BASE. . . . .  -- ----  0000H     A   
DAbt_Addr. . . . .  C  ADDR  0030H     R   SEG=STARTUPCODE
DAbt_Handler?A . .  C  ADDR  -------       EXT
EMC_BASE . . . . .  -- ----  FFE00000H A   
EMC_SETUP. . . . .  -- ----  0000H     A   
FIQ_Addr . . . . .  C  ADDR  003CH     R   SEG=STARTUPCODE
FIQ_Handler?A. . .  C  ADDR  -------       EXT
FIQ_Stack_Size . .  -- ----  0004H     A   
F_Bit. . . . . . .  -- ----  0040H     A   
IRQ_Addr . . . . .  C  ADDR  0038H     R   SEG=STARTUPCODE
IRQ_Handler?A. . .  C  ADDR  -------       EXT
IRQ_Stack_Size . .  -- ----  0080H     A   
I_Bit. . . . . . .  -- ----  0080H     A   
MAMCR_OFS. . . . .  -- ----  0000H     A   
MAMCR_Val. . . . .  -- ----  0002H     A   
MAMTIM_OFS . . . .  -- ----  0004H     A   
MAMTIM_Val . . . .  -- ----  0004H     A   
MAM_BASE . . . . .  -- ----  E01FC000H A   
MAM_SETUP. . . . .  -- ----  0001H     A   
MEMMAP . . . . . .  -- ----  E01FC040H A   
Mode_ABT . . . . .  -- ----  0017H     A   
Mode_FIQ . . . . .  -- ----  0011H     A   
Mode_IRQ . . . . .  -- ----  0012H     A   
Mode_SVC . . . . .  -- ----  0013H     A   
Mode_SYS . . . . .  -- ----  001FH     A   
Mode_UND . . . . .  -- ----  001BH     A   
Mode_USR . . . . .  -- ----  0010H     A   
PAbt_Addr. . . . .  C  ADDR  002CH     R   SEG=STARTUPCODE
PAbt_Handler?A . .  C  ADDR  -------       EXT
PINSEL2. . . . . .  -- ----  E002C014H A   
PINSEL2_Val. . . .  -- ----  0E6149E4H A   
PLLCFG_MSEL. . . .  -- ----  001FH     A   
PLLCFG_OFS . . . .  -- ----  0004H     A   
PLLCFG_PSEL. . . .  -- ----  0060H     A   
PLLCFG_Val . . . .  -- ----  0024H     A   
PLLCON_OFS . . . .  -- ----  0000H     A   
PLLCON_PLLC. . . .  -- ----  0002H     A   
PLLCON_PLLE. . . .  -- ----  0001H     A   
PLLFEED_OFS. . . .  -- ----  000CH     A   
PLLSTAT_OFS. . . .  -- ----  0008H     A   
PLLSTAT_PLOCK. . .  -- ----  0400H     A   
PLL_BASE . . . . .  -- ----  E01FC080H A   
PLL_Loop . . . . .  C  ADDR  0064H     R   SEG=STARTUPCODE
PLL_SETUP. . . . .  -- ----  0001H     A   
Reset_Addr . . . .  C  ADDR  0020H     R   SEG=STARTUPCODE
Reset_Handler. . .  C  ADDR  0040H     R   SEG=STARTUPCODE
AA MACRO ASSEMBLER RSTARTUP                                                                 19/04/20 17:26:18 PAGE     9

STACK. . . . . . .  D  SEG   0490H         REL=UNIT, ALN=BYTE
STARTUPCODE. . . .  C  SEG   00F6H         REL=ABS, ALN=BYTE
SVC_Stack_Size . .  -- ----  0004H     A   
SWI_Addr . . . . .  C  ADDR  0028H     R   SEG=STARTUPCODE
SWI_Handler?A. . .  C  ADDR  -------       EXT
Top_Stack. . . . .  D  ADDR  0490H     R   SEG=STACK
UND_Stack_Size . .  -- ----  0004H     A   
USR_Stack_Size . .  -- ----  0400H     A   
Undef_Addr . . . .  C  ADDR  0024H     R   SEG=STARTUPCODE
Undef_Handler?A. .  C  ADDR  -------       EXT
VPBDIV . . . . . .  -- ----  E01FC100H A   
VPBDIV_SETUP . . .  -- ----  0000H     A   
VPBDIV_Val . . . .  -- ----  0000H     A   
Vectors. . . . . .  C  ADDR  0000H     R   SEG=STARTUPCODE
__startup. . . . .  C  ADDR  0000H     R   SEG=STARTUPCODE
exit . . . . . . .  C  ADDR  00F4H     R   SEG=STARTUPCODE
exit?A . . . . . .  C  ADDR  00F0H     R   SEG=STARTUPCODE
exit?T . . . . . .  C  ADDR  00F4H     R   SEG=STARTUPCODE


ASSEMBLY COMPLETE.  0 WARNING(S), 0 ERROR(S).
